Archive member included because of file (symbol)

/opt/toolchains/gen//m68k-elf/lib/libmd.a(sys.o)
                              boot/sega.o (registerState)
/opt/toolchains/gen//m68k-elf/lib/libmd.a(vdp.o)
                              /opt/toolchains/gen//m68k-elf/lib/libmd.a(sys.o) (VDP_init)
/opt/toolchains/gen//m68k-elf/lib/libmd.a(dma.o)
                              /opt/toolchains/gen//m68k-elf/lib/libmd.a(sys.o) (DMA_flushQueue)
/opt/toolchains/gen//m68k-elf/lib/libmd.a(psg.o)
                              /opt/toolchains/gen//m68k-elf/lib/libmd.a(sys.o) (PSG_init)
/opt/toolchains/gen//m68k-elf/lib/libmd.a(tools.o)
                              /opt/toolchains/gen//m68k-elf/lib/libmd.a(vdp.o) (getFPS)
/opt/toolchains/gen//m68k-elf/lib/libmd.a(memory.o)
                              /opt/toolchains/gen//m68k-elf/lib/libmd.a(sys.o) (MEM_init)
/opt/toolchains/gen//m68k-elf/lib/libmd.a(timer.o)
                              /opt/toolchains/gen//m68k-elf/lib/libmd.a(tools.o) (getSubTick)
/opt/toolchains/gen//m68k-elf/lib/libmd.a(z80_ctrl.o)
                              /opt/toolchains/gen//m68k-elf/lib/libmd.a(sys.o) (Z80_init)
/opt/toolchains/gen//m68k-elf/lib/libmd.a(sound.o)
                              /opt/toolchains/gen//m68k-elf/lib/libmd.a(sys.o) (SND_set68KBUSProtection_XGM)
/opt/toolchains/gen//m68k-elf/lib/libmd.a(ym2612.o)
                              /opt/toolchains/gen//m68k-elf/lib/libmd.a(z80_ctrl.o) (YM2612_reset)
/opt/toolchains/gen//m68k-elf/lib/libmd.a(vdp_pal.o)
                              /opt/toolchains/gen//m68k-elf/lib/libmd.a(sys.o) (VDP_doStepFading)
/opt/toolchains/gen//m68k-elf/lib/libmd.a(z80_vgm.o)
                              /opt/toolchains/gen//m68k-elf/lib/libmd.a(z80_ctrl.o) (z80_vgm)
/opt/toolchains/gen//m68k-elf/lib/libmd.a(vdp_tile.o)
                              /opt/toolchains/gen//m68k-elf/lib/libmd.a(vdp.o) (VDP_loadFont)
/opt/toolchains/gen//m68k-elf/lib/libmd.a(vdp_spr.o)
                              /opt/toolchains/gen//m68k-elf/lib/libmd.a(vdp.o) (VDP_resetSprites)
/opt/toolchains/gen//m68k-elf/lib/libmd.a(tab_cnv.o)
                              /opt/toolchains/gen//m68k-elf/lib/libmd.a(vdp_tile.o) (cnv_8to32_tab)
/opt/toolchains/gen//m68k-elf/lib/libmd.a(string.o)
                              /opt/toolchains/gen//m68k-elf/lib/libmd.a(sys.o) (strlen)
/opt/toolchains/gen//m68k-elf/lib/libmd.a(vdp_dma.o)
                              /opt/toolchains/gen//m68k-elf/lib/libmd.a(vdp_tile.o) (VDP_doDMA)
/opt/toolchains/gen//m68k-elf/lib/libmd.a(bmp.o)
                              /opt/toolchains/gen//m68k-elf/lib/libmd.a(sys.o) (BMP_doVBlankProcess)
/opt/toolchains/gen//m68k-elf/lib/libmd.a(tile_cache.o)
                              /opt/toolchains/gen//m68k-elf/lib/libmd.a(sys.o) (uploads)
/opt/toolchains/gen//m68k-elf/lib/libmd.a(vdp_bg.o)
                              /opt/toolchains/gen//m68k-elf/lib/libmd.a(vdp.o) (VDP_setVerticalScroll)
/opt/toolchains/gen//m68k-elf/lib/libmd.a(memory_a.o)
                              /opt/toolchains/gen//m68k-elf/lib/libmd.a(memory.o) (memset)
/opt/toolchains/gen//m68k-elf/lib/libmd.a(smp_null_pcm.o)
                              /opt/toolchains/gen//m68k-elf/lib/libmd.a(z80_ctrl.o) (smp_null_pcm)
/opt/toolchains/gen//m68k-elf/lib/libmd.a(vdp_tile_a.o)
                              /opt/toolchains/gen//m68k-elf/lib/libmd.a(vdp_tile.o) (VDP_loadTileData)
/opt/toolchains/gen//m68k-elf/lib/libmd.a(vdp_pal_a.o)
                              /opt/toolchains/gen//m68k-elf/lib/libmd.a(vdp_pal.o) (VDP_getPaletteColors)
/opt/toolchains/gen//m68k-elf/lib/libmd.a(sys_a.o)
                              /opt/toolchains/gen//m68k-elf/lib/libmd.a(timer.o) (SYS_getInterruptMaskLevel)
/opt/toolchains/gen//m68k-elf/lib/libmd.a(kdebug.o)
                              /opt/toolchains/gen//m68k-elf/lib/libmd.a(tools.o) (KDebug_Alert)
/opt/toolchains/gen//m68k-elf/lib/libmd.a(smp_null.o)
                              /opt/toolchains/gen//m68k-elf/lib/libmd.a(z80_ctrl.o) (smp_null)
/opt/toolchains/gen//m68k-elf/lib/libmd.a(bmp_a.o)
                              /opt/toolchains/gen//m68k-elf/lib/libmd.a(bmp.o) (clearBitmapBuffer)
/opt/toolchains/gen//m68k-elf/lib/libmd.a(tools_a.o)
                              /opt/toolchains/gen//m68k-elf/lib/libmd.a(tools.o) (aplib_unpack)
/opt/toolchains/gen//m68k-elf/lib/libmd.a(z80_drv1.o)
                              /opt/toolchains/gen//m68k-elf/lib/libmd.a(z80_ctrl.o) (z80_drv1)
/opt/toolchains/gen//m68k-elf/lib/libmd.a(z80_drv2.o)
                              /opt/toolchains/gen//m68k-elf/lib/libmd.a(z80_ctrl.o) (z80_drv2)
/opt/toolchains/gen//m68k-elf/lib/libmd.a(z80_drv3.o)
                              /opt/toolchains/gen//m68k-elf/lib/libmd.a(z80_ctrl.o) (z80_drv3)
/opt/toolchains/gen//m68k-elf/lib/libmd.a(z80_mvs.o)
                              /opt/toolchains/gen//m68k-elf/lib/libmd.a(z80_ctrl.o) (z80_mvs)
/opt/toolchains/gen//m68k-elf/lib/libmd.a(z80_xgm.o)
                              /opt/toolchains/gen//m68k-elf/lib/libmd.a(z80_ctrl.o) (z80_xgm)
/opt/toolchains/gen//m68k-elf/lib/libmd.a(z80_tfm.o)
                              /opt/toolchains/gen//m68k-elf/lib/libmd.a(z80_ctrl.o) (z80_tfm)
/opt/toolchains/gen//m68k-elf/lib/libmd.a(libres.o)
                              /opt/toolchains/gen//m68k-elf/lib/libmd.a(vdp.o) (font_lib)
/opt/toolchains/gen//m68k-elf/lib/libmd.a(tab_vol.o)
                              /opt/toolchains/gen//m68k-elf/lib/libmd.a(z80_ctrl.o) (tab_vol)
/opt/toolchains/gen//m68k-elf/lib/libmd.a(maths.o)
                              /opt/toolchains/gen//m68k-elf/lib/libmd.a(sys.o) (randbase)
/opt/toolchains/gen//m68k-elf/lib/libmd.a(joy.o)
                              /opt/toolchains/gen//m68k-elf/lib/libmd.a(sys.o) (JOY_init)
/opt/toolchains/gen//m68k-elf/lib/libmd.a(types.o)
                              /opt/toolchains/gen//m68k-elf/lib/libmd.a(z80_ctrl.o) (getZeroU8)
/opt/toolchains/gen//m68k-elf/lib/gcc/m68k-elf/4.8.2/libgcc.a(_mulsi3.o)
                              /opt/toolchains/gen//m68k-elf/lib/libmd.a(tools.o) (__mulsi3)
/opt/toolchains/gen//m68k-elf/lib/gcc/m68k-elf/4.8.2/libgcc.a(_udivsi3.o)
                              /opt/toolchains/gen//m68k-elf/lib/libmd.a(tools.o) (__udivsi3)
/opt/toolchains/gen//m68k-elf/lib/gcc/m68k-elf/4.8.2/libgcc.a(_divsi3.o)
                              /opt/toolchains/gen//m68k-elf/lib/libmd.a(psg.o) (__divsi3)
/opt/toolchains/gen//m68k-elf/lib/gcc/m68k-elf/4.8.2/libgcc.a(_umodsi3.o)
                              /opt/toolchains/gen//m68k-elf/lib/libmd.a(string.o) (__umodsi3)

Allocating common symbols
Common symbol       size              file

illegalInstCB       0x4               /opt/toolchains/gen//m68k-elf/lib/libmd.a(sys.o)
slist_adr           0x2               /opt/toolchains/gen//m68k-elf/lib/libmd.a(vdp.o)
errorExceptionCB    0x4               /opt/toolchains/gen//m68k-elf/lib/libmd.a(sys.o)
trapvInstCB         0x4               /opt/toolchains/gen//m68k-elf/lib/libmd.a(sys.o)
vtimer              0x4               /opt/toolchains/gen//m68k-elf/lib/libmd.a(timer.o)
driverFlags         0x2               /opt/toolchains/gen//m68k-elf/lib/libmd.a(z80_ctrl.o)
dmaQueues           0x200             /opt/toolchains/gen//m68k-elf/lib/libmd.a(dma.o)
chkInstCB           0x4               /opt/toolchains/gen//m68k-elf/lib/libmd.a(sys.o)
registerState       0x40              /opt/toolchains/gen//m68k-elf/lib/libmd.a(sys.o)
text_basetile       0x2               /opt/toolchains/gen//m68k-elf/lib/libmd.a(vdp_bg.o)
bmp_buffer_write    0x4               /opt/toolchains/gen//m68k-elf/lib/libmd.a(bmp.o)
srState             0x2               /opt/toolchains/gen//m68k-elf/lib/libmd.a(sys.o)
line1x1xCB          0x4               /opt/toolchains/gen//m68k-elf/lib/libmd.a(sys.o)
randbase            0x2               /opt/toolchains/gen//m68k-elf/lib/libmd.a(maths.o)
ext2State           0x2               /opt/toolchains/gen//m68k-elf/lib/libmd.a(sys.o)
traceCB             0x4               /opt/toolchains/gen//m68k-elf/lib/libmd.a(sys.o)
intTrace            0x2               /opt/toolchains/gen//m68k-elf/lib/libmd.a(sys.o)
zeroDivideCB        0x4               /opt/toolchains/gen//m68k-elf/lib/libmd.a(sys.o)
curTileInd          0x2               /opt/toolchains/gen//m68k-elf/lib/libmd.a(vdp_bg.o)
hscrl_adr           0x2               /opt/toolchains/gen//m68k-elf/lib/libmd.a(vdp.o)
internalExtIntCB    0x4               /opt/toolchains/gen//m68k-elf/lib/libmd.a(sys.o)
spriteNum           0x2               /opt/toolchains/gen//m68k-elf/lib/libmd.a(vdp_spr.o)
text_plan           0x4               /opt/toolchains/gen//m68k-elf/lib/libmd.a(vdp_bg.o)
screenHeight        0x2               /opt/toolchains/gen//m68k-elf/lib/libmd.a(vdp.o)
internalVIntCB      0x4               /opt/toolchains/gen//m68k-elf/lib/libmd.a(sys.o)
intCB               0x4               /opt/toolchains/gen//m68k-elf/lib/libmd.a(sys.o)
screenWidth         0x2               /opt/toolchains/gen//m68k-elf/lib/libmd.a(vdp.o)
addressErrorCB      0x4               /opt/toolchains/gen//m68k-elf/lib/libmd.a(sys.o)
bmp_buffer_read     0x4               /opt/toolchains/gen//m68k-elf/lib/libmd.a(bmp.o)
VIntProcess         0x4               /opt/toolchains/gen//m68k-elf/lib/libmd.a(sys.o)
currentDriver       0x2               /opt/toolchains/gen//m68k-elf/lib/libmd.a(z80_ctrl.o)
vdpSpriteCache      0x280             /opt/toolchains/gen//m68k-elf/lib/libmd.a(vdp_spr.o)
uploads             0x4               /opt/toolchains/gen//m68k-elf/lib/libmd.a(tile_cache.o)
ExtIntProcess       0x4               /opt/toolchains/gen//m68k-elf/lib/libmd.a(sys.o)
aplan_adr           0x2               /opt/toolchains/gen//m68k-elf/lib/libmd.a(vdp.o)
bplan_adr           0x2               /opt/toolchains/gen//m68k-elf/lib/libmd.a(vdp.o)
HIntProcess         0x4               /opt/toolchains/gen//m68k-elf/lib/libmd.a(sys.o)
privilegeViolationCB
                    0x4               /opt/toolchains/gen//m68k-elf/lib/libmd.a(sys.o)
pcState             0x4               /opt/toolchains/gen//m68k-elf/lib/libmd.a(sys.o)
ext1State           0x2               /opt/toolchains/gen//m68k-elf/lib/libmd.a(sys.o)
busErrorCB          0x4               /opt/toolchains/gen//m68k-elf/lib/libmd.a(sys.o)
internalHIntCB      0x4               /opt/toolchains/gen//m68k-elf/lib/libmd.a(sys.o)
window_adr          0x2               /opt/toolchains/gen//m68k-elf/lib/libmd.a(vdp.o)
addrState           0x4               /opt/toolchains/gen//m68k-elf/lib/libmd.a(sys.o)

Memory Configuration

Name             Origin             Length             Attributes
rom              0x0000000000000000 0x0000000000a00000
ram              0x0000000000ff0000 0x0000000000010000
*default*        0x0000000000000000 0xffffffffffffffff

Linker script and memory map

                0x0000000000000000                __DYNAMIC = 0x0
                0x0000000001000000                PROVIDE (__stack, 0x1000000)

.text           0x0000000000000000    0x152f8
 *(.text.keepboot)
 .text.keepboot
                0x0000000000000000      0x5f4 boot/sega.o
 *(.text.*)
 .text.startup  0x00000000000005f4       0x22 main.o
                0x00000000000005f4                main
 *(.text)
 *fill*         0x0000000000000616        0x2 
 .text          0x0000000000000618        0x0 boot/sega.o
 .text          0x0000000000000618      0x9d8 /opt/toolchains/gen//m68k-elf/lib/libmd.a(sys.o)
                0x0000000000000618                _trace_callback
                0x000000000000061a                _line1x1x_callback
                0x000000000000061c                _int_callback
                0x000000000000061e                _extint_callback
                0x0000000000000a0c                _buserror_callback
                0x0000000000000a34                _addresserror_callback
                0x0000000000000ae8                _illegalinst_callback
                0x0000000000000b10                _chkinst_callback
                0x0000000000000b38                _trapvinst_callback
                0x0000000000000b60                _vint_callback
                0x0000000000000c5e                _hint_callback
                0x0000000000000d94                _zerodivide_callback
                0x0000000000000dbc                _privilegeviolation_callback
                0x0000000000000de4                _errorexception_callback
                0x0000000000000e0c                _start_entry
                0x0000000000000ec0                _reset_entry
                0x0000000000000ed0                SYS_disableInts
                0x0000000000000f00                SYS_enableInts
                0x0000000000000f2c                SYS_setVIntPreCallback
                0x0000000000000f36                SYS_setVIntCallback
                0x0000000000000f40                SYS_setHIntCallback
                0x0000000000000f4a                SYS_setExtIntCallback
                0x0000000000000f54                SYS_isInVIntCallback
                0x0000000000000f60                SYS_isInHIntCallback
                0x0000000000000f6c                SYS_isInExtIntCallback
                0x0000000000000f78                SYS_isInInterrupt
                0x0000000000000f80                SYS_isNTSC
                0x0000000000000f90                SYS_isPAL
                0x0000000000000f9c                SYS_die
 .text          0x0000000000000ff0      0x886 /opt/toolchains/gen//m68k-elf/lib/libmd.a(vdp.o)
                0x0000000000000ff0                VDP_getReg
                0x0000000000001010                VDP_setReg
                0x0000000000001168                VDP_getEnable
                0x0000000000001174                VDP_setEnable
                0x00000000000011a0                VDP_getScanlineNumber
                0x00000000000011b6                VDP_getScreenHeight
                0x00000000000011be                VDP_setScreenHeight224
                0x00000000000011e4                VDP_setScreenHeight240
                0x0000000000001216                VDP_getScreenWidth
                0x000000000000121e                VDP_setScreenWidth256
                0x0000000000001244                VDP_setScreenWidth320
                0x000000000000126a                VDP_getPlanWidth
                0x000000000000127e                VDP_getPlanHeight
                0x0000000000001290                VDP_setPlanSize
                0x00000000000012c4                VDP_getVerticalScrollingMode
                0x00000000000012d2                VDP_getHorizontalScrollingMode
                0x00000000000012de                VDP_setScrollingMode
                0x0000000000001310                VDP_getBackgroundColor
                0x0000000000001318                VDP_setBackgroundColor
                0x0000000000001336                VDP_getAutoInc
                0x000000000000133e                VDP_setAutoInc
                0x0000000000001358                VDP_setHInterrupt
                0x0000000000001384                VDP_setHilightShadow
                0x00000000000013b0                VDP_getHIntCounter
                0x00000000000013b8                VDP_setHIntCounter
                0x00000000000013d2                VDP_getAPlanAddress
                0x00000000000013da                VDP_getBPlanAddress
                0x00000000000013e2                VDP_getWindowAddress
                0x00000000000013ea                VDP_getWindowPlanAddress
                0x00000000000013f2                VDP_getSpriteListAddress
                0x00000000000013fa                VDP_getHScrollTableAddress
                0x0000000000001402                VDP_setAPlanAddress
                0x0000000000001426                VDP_setWindowAddress
                0x0000000000001468                VDP_setWindowPlanAddress
                0x0000000000001478                VDP_setBPlanAddress
                0x000000000000149c                VDP_setSpriteListAddress
                0x00000000000014de                VDP_setHScrollTableAddress
                0x0000000000001504                VDP_setScanMode
                0x000000000000154c                VDP_waitDMACompletion
                0x000000000000155a                VDP_init
                0x000000000000175c                VDP_waitFIFOEmpty
                0x000000000000176a                VDP_waitVSync
                0x0000000000001784                VDP_resetScreen
                0x00000000000017f8                VDP_showFPS
 *fill*         0x0000000000001876        0x2 
 .text          0x0000000000001878      0x5a8 /opt/toolchains/gen//m68k-elf/lib/libmd.a(dma.o)
                0x0000000000001878                DMA_getAutoFlush
                0x0000000000001880                DMA_setAutoFlush
                0x00000000000018a6                DMA_getMaxTransferSize
                0x00000000000018ae                DMA_setMaxTransferSize
                0x00000000000018b8                DMA_clearQueue
                0x00000000000018d2                DMA_flushQueue
                0x0000000000001996                DMA_getQueueSize
                0x000000000000199e                DMA_getQueueTransferSize
                0x00000000000019a6                DMA_queueDma
                0x0000000000001b90                DMA_waitCompletion
                0x0000000000001b9e                DMA_doDma
                0x0000000000001cee                DMA_doVRamFill
                0x0000000000001d9a                DMA_doVRamCopy
 .text          0x0000000000001e20      0x114 /opt/toolchains/gen//m68k-elf/lib/libmd.a(psg.o)
                0x0000000000001e20                PSG_init
                0x0000000000001e4c                PSG_write
                0x0000000000001e56                PSG_setEnvelope
                0x0000000000001e76                PSG_setTone
                0x0000000000001ea6                PSG_setFrequency
                0x0000000000001f0c                PSG_setNoise
 .text          0x0000000000001f34     0x1860 /opt/toolchains/gen//m68k-elf/lib/libmd.a(tools.o)
                0x0000000000001f34                getFPS
                0x0000000000001f9c                getFPS_f
                0x000000000000201e                KLog
                0x0000000000002042                KLog_U1
                0x000000000000208e                KLog_U2
                0x00000000000020fc                KLog_U3
                0x0000000000002188                KLog_U4
                0x0000000000002230                KLog_U1x
                0x0000000000002280                KLog_U2x
                0x00000000000022f0                KLog_U3x
                0x000000000000237c                KLog_U4x
                0x0000000000002422                KLog_S1
                0x000000000000246e                KLog_S2
                0x00000000000024dc                KLog_S3
                0x0000000000002568                KLog_S4
                0x0000000000002610                KLog_S1x
                0x0000000000002660                KLog_S2x
                0x00000000000026d0                KLog_S3x
                0x000000000000275c                KLog_S4x
                0x0000000000002802                KLog_f1
                0x0000000000002852                KLog_f2
                0x00000000000028c8                KLog_f3
                0x0000000000002960                KLog_f4
                0x0000000000002a18                KLog_f1x
                0x0000000000002a6c                KLog_f2x
                0x0000000000002ae4                KLog_f3x
                0x0000000000002b7c                KLog_f4x
                0x0000000000002c32                KLog_F1
                0x0000000000002c7e                KLog_F2
                0x0000000000002cec                KLog_F3
                0x0000000000002d78                KLog_F4
                0x0000000000002e20                KLog_F1x
                0x0000000000002e70                KLog_F2x
                0x0000000000002ee0                KLog_F3x
                0x0000000000002f6c                KLog_F4x
                0x0000000000003012                allocateBitmap
                0x0000000000003072                allocateBitmapEx
                0x00000000000030b4                allocateTileSet
                0x00000000000030fe                allocateTileSetEx
                0x000000000000312a                allocateMap
                0x0000000000003174                allocateMapEx
                0x000000000000319e                allocateImage
                0x0000000000003262                rle4b_unpack
                0x00000000000032bc                rlemap_unpack
                0x0000000000003354                unpackEx
                0x0000000000003402                getTileSet
                0x0000000000003450                unpack
                0x000000000000346e                unpackBitmap
                0x0000000000003500                unpackTileSet
                0x0000000000003572                unpackMap
                0x00000000000035e8                unpackImage
                0x000000000000363e                rle4b_unpackVRam
                0x00000000000036ca                uftc_unpack_old
 .text          0x0000000000003794      0x236 /opt/toolchains/gen//m68k-elf/lib/libmd.a(memory.o)
                0x0000000000003794                MEM_init
                0x00000000000037bc                MEM_getFree
                0x00000000000037e6                MEM_free
                0x00000000000037f8                MEM_alloc
                0x00000000000038d6                memcpyU16
                0x00000000000038f4                memcpyU32
                0x0000000000003914                fastMemset
                0x0000000000003934                fastMemsetU16
                0x0000000000003954                fastMemsetU32
                0x0000000000003970                fastMemcpy
                0x000000000000398c                fastMemcpyU16
                0x00000000000039aa                fastMemcpyU32
 *fill*         0x00000000000039ca        0x2 
 .text          0x00000000000039cc      0x1d4 /opt/toolchains/gen//m68k-elf/lib/libmd.a(timer.o)
                0x00000000000039cc                getSubTick
                0x0000000000003a1e                getTick
                0x0000000000003a4a                getTime
                0x0000000000003a6c                getTimeAsFix32
                0x0000000000003a80                startTimer
                0x0000000000003aa2                getTimer
                0x0000000000003ae6                waitSubTick
                0x0000000000003b2e                waitTick
                0x0000000000003b70                waitMs
 .text          0x0000000000003ba0      0x5f2 /opt/toolchains/gen//m68k-elf/lib/libmd.a(z80_ctrl.o)
                0x0000000000003ba0                Z80_isBusTaken
                0x0000000000003bb2                Z80_requestBus
                0x0000000000003bd8                Z80_releaseBus
                0x0000000000003be2                Z80_startReset
                0x0000000000003bec                Z80_endReset
                0x0000000000003bf6                Z80_setBank
                0x0000000000003c0a                Z80_init
                0x0000000000003c28                Z80_read
                0x0000000000003c3a                Z80_write
                0x0000000000003c4e                Z80_clear
                0x0000000000003cc6                Z80_upload
                0x0000000000003d3a                Z80_download
                0x0000000000003d92                Z80_getLoadedDriver
                0x0000000000003d9a                Z80_unloadDriver
                0x0000000000003dcc                Z80_loadCustomDriver
                0x0000000000003e10                Z80_isDriverReady
                0x0000000000003e46                Z80_loadDriver
 *fill*         0x0000000000004192        0x2 
 .text          0x0000000000004194      0xf5c /opt/toolchains/gen//m68k-elf/lib/libmd.a(sound.o)
                0x0000000000004194                SND_isPlaying_PCM
                0x00000000000041c8                SND_startPlay_PCM
                0x000000000000426c                SND_stopPlay_PCM
                0x00000000000042d6                SND_isPlaying_2ADPCM
                0x000000000000430c                SND_startPlay_2ADPCM
                0x00000000000043cc                SND_stopPlay_2ADPCM
                0x0000000000004446                SND_isPlaying_4PCM_ENV
                0x000000000000447c                SND_startPlay_4PCM_ENV
                0x0000000000004556                SND_stopPlay_4PCM_ENV
                0x00000000000045d0                SND_setVolume_4PCM_ENV
                0x0000000000004618                SND_getVolume_4PCM_ENV
                0x000000000000465a                SND_isPlaying_MVS
                0x000000000000468c                SND_startPlay_MVS
                0x00000000000046f6                SND_stopPlay_MVS
                0x0000000000004728                SND_setTempo_MVS
                0x0000000000004758                SND_startDAC_MVS
                0x00000000000047ba                SND_stopDAC_MVS
                0x00000000000047e4                SND_isPlayingPSG_MVS
                0x0000000000004812                SND_startPSG_MVS
                0x000000000000485e                SND_stopPSG_MVS
                0x0000000000004888                SND_enablePSG_MVS
                0x00000000000048c8                SND_disablePSG_MVS
                0x0000000000004908                SND_startPlay_TFM
                0x000000000000497c                SND_stopPlay_TFM
                0x0000000000004984                SND_stopPlay_VGM
                0x00000000000049b0                SND_resumePlay_VGM
                0x00000000000049dc                SND_isPlaying_VGM
                0x0000000000004a0c                SND_startPlay_VGM
                0x0000000000004a88                SND_playSfx_VGM
                0x0000000000004aea                SND_isPlaying_XGM
                0x0000000000004b1e                SND_startPlay_XGM
                0x0000000000004c36                SND_stopPlay_XGM
                0x0000000000004c9e                SND_pausePlay_XGM
                0x0000000000004cd0                SND_resumePlay_XGM
                0x0000000000004d0a                SND_isPlayingPCM_XGM
                0x0000000000004d40                SND_setPCMFast_XGM
                0x0000000000004d7e                SND_setPCM_XGM
                0x0000000000004dbe                SND_startPlayPCM_XGM
                0x0000000000004e20                SND_stopPlayPCM_XGM
                0x0000000000004e76                SND_set68KBUSProtection_XGM
                0x0000000000004e9e                SND_nextXFrame_XGM
                0x0000000000004ee6                SND_getManualSync_XGM
                0x0000000000004ef2                SND_setManualSync_XGM
                0x0000000000004f38                SND_getForceDelayDMA_XGM
                0x0000000000004f44                SND_setForceDelayDMA_XGM
                0x0000000000004f6a                SND_getMusicTempo_XGM
                0x0000000000004f72                SND_setMusicTempo_XGM
                0x0000000000004f9a                SND_getCPULoad_XGM
                0x000000000000505a                XGM_resetLoadCalculation
                0x0000000000005088                XGM_doVBlankProcess
 .text          0x00000000000050f0      0x1f2 /opt/toolchains/gen//m68k-elf/lib/libmd.a(ym2612.o)
                0x00000000000050f0                YM2612_read
                0x000000000000510a                YM2612_write
                0x000000000000512e                YM2612_reset
                0x0000000000005218                YM2612_writeSafe
                0x0000000000005230                YM2612_writeReg
                0x0000000000005282                YM2612_writeRegSafe
                0x00000000000052a4                YM2612_enableDAC
                0x00000000000052c4                YM2612_disableDAC
 *fill*         0x00000000000052e2        0x2 
 .text          0x00000000000052e4      0x618 /opt/toolchains/gen//m68k-elf/lib/libmd.a(vdp_pal.o)
                0x000000000000539c                VDP_getPaletteColor
                0x00000000000053d0                VDP_setPaletteColor
                0x000000000000540e                VDP_doStepFading
                0x00000000000054e8                VDP_initFading
                0x0000000000005614                VDP_interruptFade
                0x0000000000005626                VDP_fade
                0x0000000000005696                VDP_fadeTo
                0x00000000000056f6                VDP_fadeOut
                0x0000000000005726                VDP_fadeIn
                0x000000000000575a                VDP_fadePal
                0x0000000000005796                VDP_fadePalTo
                0x00000000000057ce                VDP_fadePalOut
                0x0000000000005808                VDP_fadePalIn
                0x0000000000005846                VDP_fadeAll
                0x000000000000586e                VDP_fadeAllTo
                0x0000000000005892                VDP_fadeOutAll
                0x00000000000058b8                VDP_fadeInAll
                0x00000000000058e2                VDP_isDoingFade
                0x00000000000058ee                VDP_waitFadeCompletion
 .text          0x00000000000058fc        0x0 /opt/toolchains/gen//m68k-elf/lib/libmd.a(z80_vgm.o)
 .text          0x00000000000058fc      0xb94 /opt/toolchains/gen//m68k-elf/lib/libmd.a(vdp_tile.o)
                0x00000000000058fc                VDP_loadTileSet
                0x00000000000059a6                VDP_loadFontData
                0x00000000000059d6                VDP_loadFont
                0x00000000000059fc                VDP_loadBMPTileDataEx
                0x0000000000005a50                VDP_fillTileData
                0x0000000000005b0a                VDP_setTileMap
                0x0000000000005b48                VDP_setTileMapXY
                0x0000000000005bae                VDP_fillTileMap
                0x0000000000005c4a                VDP_fillTileMapRectByIndex
                0x0000000000005c74                VDP_fillTileMapRect
                0x0000000000005d1a                VDP_clearTileMap
                0x0000000000005d6e                VDP_clearTileMapRectByIndex
                0x0000000000005d98                VDP_clearTileMapRect
                0x0000000000005dcc                VDP_fillTileMapInc
                0x0000000000005e96                VDP_fillTileMapRectIncByIndex
                0x0000000000005ec0                VDP_fillTileMapRectInc
                0x0000000000005f6c                VDP_setTileMapData
                0x0000000000006050                VDP_setTileMapRectByIndex
                0x000000000000607e                VDP_setTileMapDataRect
                0x0000000000006136                VDP_setTileMapDataEx
                0x0000000000006228                VDP_setTileMapRectExByIndex
                0x000000000000625a                VDP_setTileMapDataRectEx
                0x0000000000006340                VDP_setTileMapRectEx
                0x0000000000006384                VDP_setMapEx
                0x000000000000644c                VDP_setMap
 .text          0x0000000000006490      0x3ec /opt/toolchains/gen//m68k-elf/lib/libmd.a(vdp_spr.o)
                0x0000000000006490                VDP_resetSprites
                0x00000000000064a8                VDP_resetSpritesDirect
                0x00000000000064ea                VDP_setSprite
                0x0000000000006546                VDP_setSpriteP
                0x0000000000006592                VDP_setSpriteDirect
                0x0000000000006614                VDP_setSpriteDirectP
                0x0000000000006696                VDP_setSpritePosition
                0x00000000000066d6                VDP_setSpritesDirect
                0x0000000000006768                VDP_setSprites
                0x00000000000067da                VDP_updateSprites
 .text          0x000000000000687c        0x0 /opt/toolchains/gen//m68k-elf/lib/libmd.a(tab_cnv.o)
 .text          0x000000000000687c      0x8d2 /opt/toolchains/gen//m68k-elf/lib/libmd.a(string.o)
                0x000000000000687c                strlen
                0x0000000000006968                strnlen
                0x00000000000069a6                strcmp
                0x00000000000069c6                strclr
                0x00000000000069d0                strcpy
                0x00000000000069e2                strcat
                0x00000000000069fc                strreplace
                0x0000000000006a20                intToStr
                0x0000000000006a4e                uintToStr
                0x0000000000006a6a                intToHex
                0x0000000000006b1e                fix32ToStr
                0x0000000000006b9e                fix16ToStr
                0x0000000000006c18                sprintf
 *fill*         0x000000000000714e        0x2 
 .text          0x0000000000007150      0x266 /opt/toolchains/gen//m68k-elf/lib/libmd.a(vdp_dma.o)
                0x0000000000007150                VDP_doDMAEx
                0x00000000000072a0                VDP_doDMA
                0x00000000000072ca                VDP_doVRamDMAFill
                0x000000000000733e                VDP_doVRamDMACopy
 *fill*         0x00000000000073b6        0x2 
 .text          0x00000000000073b8     0x111e /opt/toolchains/gen//m68k-elf/lib/libmd.a(bmp.o)
                0x000000000000750c                BMP_end
                0x0000000000007570                BMP_hasFlipRequestPending
                0x000000000000757e                BMP_waitWhileFlipRequestPending
                0x000000000000758e                BMP_hasFlipInProgess
                0x000000000000759a                BMP_waitFlipComplete
                0x00000000000075aa                BMP_flip
                0x00000000000075fe                BMP_drawText
                0x000000000000765c                BMP_clearText
                0x00000000000076b8                BMP_clearTextLine
                0x00000000000076f8                BMP_showFPS
                0x00000000000077ca                BMP_clear
                0x00000000000077da                BMP_reset
                0x00000000000078fc                BMP_init
                0x000000000000793a                BMP_getWritePointer
                0x0000000000007960                BMP_getReadPointer
                0x0000000000007986                BMP_getPixel
                0x00000000000079be                BMP_setPixel
                0x00000000000079f6                BMP_setPixels_V2D
                0x0000000000007a46                BMP_setPixels
                0x0000000000007aa0                BMP_drawBitmapData
                0x0000000000007b42                BMP_drawBitmap
                0x0000000000007c16                BMP_loadBitmapData
                0x0000000000007c48                BMP_loadBitmap
                0x0000000000007c6e                BMP_getBitmapPalette
                0x0000000000007c8a                BMP_scale
                0x0000000000007d64                BMP_drawBitmapScaled
                0x0000000000007e6e                BMP_loadAndScaleBitmap
                0x0000000000007ea4                BMP_doVBlankProcess
                0x0000000000007eac                BMP_doHBlankProcess
 *fill*         0x00000000000084d6        0x2 
 .text          0x00000000000084d8      0x65c /opt/toolchains/gen//m68k-elf/lib/libmd.a(tile_cache.o)
                0x0000000000008578                TC_init
                0x00000000000085b0                TC_end
                0x0000000000008612                TC_createCacheEx
                0x0000000000008658                TC_createCache
                0x000000000000867a                TC_releaseCache
                0x000000000000868c                TC_clearCache
                0x000000000000869e                TC_flushCache
                0x00000000000086a8                TC_alloc
                0x0000000000008992                TC_reAlloc
                0x0000000000008a1e                TC_free
                0x0000000000008a98                TC_getTileIndex
                0x0000000000008ae6                TC_uploadAtVBlank
                0x0000000000008b1a                TC_doVBlankProcess
 .text          0x0000000000008b34      0x80c /opt/toolchains/gen//m68k-elf/lib/libmd.a(vdp_bg.o)
                0x0000000000008b34                VDP_setHorizontalScroll
                0x0000000000008b80                VDP_setHorizontalScrollTile
                0x0000000000008c26                VDP_setHorizontalScrollLine
                0x0000000000008ccc                VDP_setVerticalScroll
                0x0000000000008d0a                VDP_setVerticalScrollTile
                0x0000000000008da0                VDP_clearPlan
                0x0000000000008e56                VDP_getTextPlan
                0x0000000000008e72                VDP_getTextPalette
                0x0000000000008e82                VDP_getTextPriority
                0x0000000000008e8e                VDP_setTextPlan
                0x0000000000008eb2                VDP_setTextPalette
                0x0000000000008ed2                VDP_setTextPriority
                0x0000000000008ef0                VDP_drawTextBG
                0x0000000000008f9c                VDP_clearTextBG
                0x0000000000008fce                VDP_clearTextLineBG
                0x0000000000009004                VDP_drawText
                0x0000000000009038                VDP_clearText
                0x0000000000009066                VDP_clearTextLine
                0x0000000000009082                VDP_drawBitmapEx
                0x0000000000009192                VDP_drawBitmap
                0x000000000000921a                VDP_drawImageEx
                0x00000000000092c2                VDP_drawImage
 .text          0x0000000000009340      0x1b8 /opt/toolchains/gen//m68k-elf/lib/libmd.a(memory_a.o)
                0x0000000000009340                memset
                0x00000000000093b8                memsetU16
                0x0000000000009416                memsetU32
                0x0000000000009454                memcpy
 *fill*         0x00000000000094f8        0x8 
 .text          0x0000000000009500       0x80 /opt/toolchains/gen//m68k-elf/lib/libmd.a(smp_null_pcm.o)
                0x0000000000009500                smp_null_pcm
 .text          0x0000000000009580      0x102 /opt/toolchains/gen//m68k-elf/lib/libmd.a(vdp_tile_a.o)
                0x0000000000009580                VDP_loadTileData
                0x00000000000095fc                VDP_loadBMPTileData
 *fill*         0x0000000000009682        0x2 
 .text          0x0000000000009684      0x15c /opt/toolchains/gen//m68k-elf/lib/libmd.a(vdp_pal_a.o)
                0x0000000000009684                VDP_getPaletteColors
                0x00000000000096ea                VDP_setPaletteColors
                0x0000000000009750                VDP_getPalette
                0x0000000000009798                VDP_setPalette
 .text          0x00000000000097e0       0x48 /opt/toolchains/gen//m68k-elf/lib/libmd.a(sys_a.o)
                0x00000000000097e0                SYS_assertReset
                0x00000000000097e4                SYS_reset
                0x00000000000097f2                SYS_getInterruptMaskLevel
                0x00000000000097fc                SYS_setInterruptMaskLevel
                0x000000000000980e                SYS_getAndSetInterruptMaskLevel
 .text          0x0000000000009828       0x88 /opt/toolchains/gen//m68k-elf/lib/libmd.a(kdebug.o)
                0x0000000000009828                KDebug_Halt
                0x0000000000009832                KDebug_Alert
                0x000000000000984e                KDebug_AlertNumber
                0x000000000000989c                KDebug_StartTimer
                0x00000000000098a6                KDebug_StopTimer
 *fill*         0x00000000000098b0       0x50 
 .text          0x0000000000009900      0x100 /opt/toolchains/gen//m68k-elf/lib/libmd.a(smp_null.o)
                0x0000000000009900                smp_null
 .text          0x0000000000009a00     0x13f8 /opt/toolchains/gen//m68k-elf/lib/libmd.a(bmp_a.o)
                0x0000000000009a00                clearBitmapBuffer
                0x0000000000009b42                BMP_clipLine
                0x0000000000009b5e                BMP_drawLine
                0x0000000000009bce                BMP_isPolygonCulled
                0x000000000000a4fc                BMP_drawPolygon
 .text          0x000000000000adf8      0x10a /opt/toolchains/gen//m68k-elf/lib/libmd.a(tools_a.o)
                0x000000000000adf8                aplib_unpack
                0x000000000000adfe                aplib_decrunch
                0x000000000000aea0                uftc_unpack
 *fill*         0x000000000000af02        0x2 
 .text          0x000000000000af04      0xb26 /opt/toolchains/gen//m68k-elf/lib/libmd.a(z80_drv1.o)
                0x000000000000af04                z80_drv1
 *fill*         0x000000000000ba2a        0x2 
 .text          0x000000000000ba2c      0xe00 /opt/toolchains/gen//m68k-elf/lib/libmd.a(z80_drv2.o)
                0x000000000000ba2c                z80_drv2
 .text          0x000000000000c82c      0xa64 /opt/toolchains/gen//m68k-elf/lib/libmd.a(z80_drv3.o)
                0x000000000000c82c                z80_drv3
 .text          0x000000000000d290      0xa5c /opt/toolchains/gen//m68k-elf/lib/libmd.a(z80_mvs.o)
                0x000000000000d290                z80_mvs
 .text          0x000000000000dcec     0x1700 /opt/toolchains/gen//m68k-elf/lib/libmd.a(z80_xgm.o)
                0x000000000000dcec                z80_xgm
 .text          0x000000000000f3ec      0x69e /opt/toolchains/gen//m68k-elf/lib/libmd.a(z80_tfm.o)
                0x000000000000f3ec                z80_tfm
 *fill*         0x000000000000fa8a        0x2 
 .text          0x000000000000fa8c        0x0 /opt/toolchains/gen//m68k-elf/lib/libmd.a(libres.o)
 .text          0x000000000000fa8c        0x0 /opt/toolchains/gen//m68k-elf/lib/libmd.a(tab_vol.o)
 .text          0x000000000000fa8c      0x656 /opt/toolchains/gen//m68k-elf/lib/libmd.a(maths.o)
                0x000000000000fa8c                random
                0x000000000000faac                intToBCD
                0x000000000000fb40                distance_approx
                0x000000000000fb92                Partition_u8
                0x000000000000fc14                QSort_u8
                0x000000000000fc62                Partition_s8
                0x000000000000fce4                QSort_s8
                0x000000000000fd32                Partition_u16
                0x000000000000fdc2                QSort_u16
                0x000000000000fe10                Partition_s16
                0x000000000000fea0                QSort_s16
                0x000000000000feee                Partition_u32
                0x000000000000ff9a                QSort_u32
                0x000000000000ffe8                Partition_s32
                0x0000000000010094                QSort_s32
 *fill*         0x00000000000100e2        0x2 
 .text          0x00000000000100e4     0x1804 /opt/toolchains/gen//m68k-elf/lib/libmd.a(joy.o)
                0x0000000000010b7c                JOY_setEventHandler
                0x0000000000010b86                JOY_setSupport
                0x0000000000010fbe                JOY_init
                0x00000000000112fe                JOY_getPortType
                0x000000000001131e                JOY_getJoypadType
                0x000000000001133e                JOY_readJoypad
                0x000000000001138e                JOY_readJoypadX
                0x00000000000113b0                JOY_readJoypadY
                0x00000000000113d2                JOY_update
                0x00000000000117f4                JOY_waitPressTime
                0x000000000001189a                JOY_waitPressBtn
                0x00000000000118b0                JOY_waitPressBtnTime
                0x00000000000118cc                JOY_waitPress
 .text          0x00000000000118e8        0xc /opt/toolchains/gen//m68k-elf/lib/libmd.a(types.o)
                0x00000000000118e8                getZeroU8
                0x00000000000118ec                getZeroU16
                0x00000000000118f0                getZeroU32
 .text          0x00000000000118f4       0x22 /opt/toolchains/gen//m68k-elf/lib/gcc/m68k-elf/4.8.2/libgcc.a(_mulsi3.o)
                0x00000000000118f4                __mulsi3
 *fill*         0x0000000000011916        0x2 
 .text          0x0000000000011918       0x5c /opt/toolchains/gen//m68k-elf/lib/gcc/m68k-elf/4.8.2/libgcc.a(_udivsi3.o)
                0x0000000000011918                __udivsi3
 .text          0x0000000000011974       0x2e /opt/toolchains/gen//m68k-elf/lib/gcc/m68k-elf/4.8.2/libgcc.a(_divsi3.o)
                0x0000000000011974                __divsi3
 *fill*         0x00000000000119a2        0x2 
 .text          0x00000000000119a4       0x2e /opt/toolchains/gen//m68k-elf/lib/gcc/m68k-elf/4.8.2/libgcc.a(_umodsi3.o)
                0x00000000000119a4                __umodsi3
 *fill*         0x00000000000119d2        0x2 
 .text          0x00000000000119d4      0x276 main.o
                0x00000000000119d4                myJoyHandler
                0x0000000000011c4c                . = ALIGN (0x4)
 *fill*         0x0000000000011c4a        0x2 
                0x0000000000011c4c                __CTOR_LIST__ = .
                0x0000000000011c4c        0x4 LONG 0x0 (((__CTOR_END__ - __CTOR_LIST__) / 0x4) - 0x2)
 *(.ctors)
                0x0000000000011c50        0x4 LONG 0x0
                0x0000000000011c54                __CTOR_END__ = .
                0x0000000000011c54                __DTOR_LIST__ = .
                0x0000000000011c54        0x4 LONG 0x0 (((__DTOR_END__ - __DTOR_LIST__) / 0x4) - 0x2)
 *(.dtors)
                0x0000000000011c58        0x4 LONG 0x0
                0x0000000000011c5c                __DTOR_END__ = .
 *(.rodata .rodata.*)
 .rodata.str1.1
                0x0000000000011c5c      0x13c /opt/toolchains/gen//m68k-elf/lib/libmd.a(sys.o)
                                        0x13e (size before relaxing)
 .rodata.str1.1
                0x0000000000011d98       0x21 /opt/toolchains/gen//m68k-elf/lib/libmd.a(vdp.o)
                                         0x4c (size before relaxing)
 *fill*         0x0000000000011db9        0x1 
 .rodata        0x0000000000011dba        0x4 /opt/toolchains/gen//m68k-elf/lib/libmd.a(vdp.o)
                0x0000000000011dba                PLAN_A
                0x0000000000011dbc                PLAN_B
 .rodata.str1.1
                0x0000000000000000        0x2 /opt/toolchains/gen//m68k-elf/lib/libmd.a(tools.o)
 .rodata        0x0000000000011dbe      0x104 /opt/toolchains/gen//m68k-elf/lib/libmd.a(vdp_pal.o)
                0x0000000000011dbe                palette_blue
                0x0000000000011dde                palette_green
                0x0000000000011dfe                palette_red
                0x0000000000011e1e                palette_grey
                0x0000000000011e3e                palette_black
                0x0000000000011e42                palette_black_all
 .rodata        0x0000000000011ec2      0xe40 /opt/toolchains/gen//m68k-elf/lib/libmd.a(z80_vgm.o)
                0x0000000000011ec2                z80_vgm
 .rodata        0x0000000000012d02      0x6f4 /opt/toolchains/gen//m68k-elf/lib/libmd.a(tab_cnv.o)
                0x0000000000012d02                cnv_bcd_tab
                0x0000000000012d66                cnv_8to32_tab
                0x0000000000013166                cnv_8to16_tab
                0x0000000000013366                cnv_4to32_tab
                0x00000000000133a6                cnv_4to16_tab
                0x00000000000133c6                cnv_4to8_tab
                0x00000000000133d6                cnv_2to32_tab
                0x00000000000133e6                cnv_2to16_tab
                0x00000000000133ee                cnv_2to8_tab
                0x00000000000133f2                cnv_2to4_tab
 .rodata.str1.1
                0x00000000000133f6       0x29 /opt/toolchains/gen//m68k-elf/lib/libmd.a(string.o)
 *fill*         0x000000000001341f        0x1 
 .rodata        0x0000000000013420      0xcec /opt/toolchains/gen//m68k-elf/lib/libmd.a(libres.o)
                0x0000000000013dc6                logo_lib
                0x0000000000014030                font_lib
                0x0000000000014058                font_pal_lib
                0x0000000000014060                stop_xgm
 .rodata        0x000000000001410c     0x1000 /opt/toolchains/gen//m68k-elf/lib/libmd.a(tab_vol.o)
                0x000000000001410c                tab_vol
 .rodata        0x000000000001510c       0x18 /opt/toolchains/gen//m68k-elf/lib/libmd.a(joy.o)
 .rodata.str1.1
                0x0000000000015124      0x1ce main.o
 *(.gcc_except_table .gcc_except_table.*)
                0x00000000000152f4                . = ALIGN (0x4)
 *fill*         0x00000000000152f2        0x2 
                0x00000000000152f4                __INIT_SECTION__ = .
 *(.init)
                0x00000000000152f4        0x2 SHORT 0x4e75
                0x00000000000152f6                __FINI_SECTION__ = .
 *(.fini)
                0x00000000000152f6        0x2 SHORT 0x4e75
                0x00000000000152f8                _etext = .
 *(.lit)
                0x00000000000152f8                _stext = SIZEOF (.text)

.data           0x0000000000ff0000        0x4 load address 0x00000000000152f8
 *(.got.plt)
 *(.got)
 *(.shdata)
 *(.data .data.*)
 .data          0x0000000000ff0000        0x0 boot/sega.o
 .data          0x0000000000ff0000        0x0 /opt/toolchains/gen//m68k-elf/lib/libmd.a(sys.o)
 .data          0x0000000000ff0000        0x0 /opt/toolchains/gen//m68k-elf/lib/libmd.a(vdp.o)
 .data          0x0000000000ff0000        0x4 /opt/toolchains/gen//m68k-elf/lib/libmd.a(dma.o)
 .data          0x0000000000ff0004        0x0 /opt/toolchains/gen//m68k-elf/lib/libmd.a(psg.o)
 .data          0x0000000000ff0004        0x0 /opt/toolchains/gen//m68k-elf/lib/libmd.a(tools.o)
 .data          0x0000000000ff0004        0x0 /opt/toolchains/gen//m68k-elf/lib/libmd.a(memory.o)
 .data          0x0000000000ff0004        0x0 /opt/toolchains/gen//m68k-elf/lib/libmd.a(timer.o)
 .data          0x0000000000ff0004        0x0 /opt/toolchains/gen//m68k-elf/lib/libmd.a(z80_ctrl.o)
 .data          0x0000000000ff0004        0x0 /opt/toolchains/gen//m68k-elf/lib/libmd.a(sound.o)
 .data          0x0000000000ff0004        0x0 /opt/toolchains/gen//m68k-elf/lib/libmd.a(ym2612.o)
 .data          0x0000000000ff0004        0x0 /opt/toolchains/gen//m68k-elf/lib/libmd.a(vdp_pal.o)
 .data          0x0000000000ff0004        0x0 /opt/toolchains/gen//m68k-elf/lib/libmd.a(z80_vgm.o)
 .data          0x0000000000ff0004        0x0 /opt/toolchains/gen//m68k-elf/lib/libmd.a(vdp_tile.o)
 .data          0x0000000000ff0004        0x0 /opt/toolchains/gen//m68k-elf/lib/libmd.a(vdp_spr.o)
 .data          0x0000000000ff0004        0x0 /opt/toolchains/gen//m68k-elf/lib/libmd.a(tab_cnv.o)
 .data          0x0000000000ff0004        0x0 /opt/toolchains/gen//m68k-elf/lib/libmd.a(string.o)
 .data          0x0000000000ff0004        0x0 /opt/toolchains/gen//m68k-elf/lib/libmd.a(vdp_dma.o)
 .data          0x0000000000ff0004        0x0 /opt/toolchains/gen//m68k-elf/lib/libmd.a(bmp.o)
 .data          0x0000000000ff0004        0x0 /opt/toolchains/gen//m68k-elf/lib/libmd.a(tile_cache.o)
 .data          0x0000000000ff0004        0x0 /opt/toolchains/gen//m68k-elf/lib/libmd.a(vdp_bg.o)
 .data          0x0000000000ff0004        0x0 /opt/toolchains/gen//m68k-elf/lib/libmd.a(memory_a.o)
 .data          0x0000000000ff0004        0x0 /opt/toolchains/gen//m68k-elf/lib/libmd.a(smp_null_pcm.o)
 .data          0x0000000000ff0004        0x0 /opt/toolchains/gen//m68k-elf/lib/libmd.a(vdp_tile_a.o)
 .data          0x0000000000ff0004        0x0 /opt/toolchains/gen//m68k-elf/lib/libmd.a(vdp_pal_a.o)
 .data          0x0000000000ff0004        0x0 /opt/toolchains/gen//m68k-elf/lib/libmd.a(sys_a.o)
 .data          0x0000000000ff0004        0x0 /opt/toolchains/gen//m68k-elf/lib/libmd.a(kdebug.o)
 .data          0x0000000000ff0004        0x0 /opt/toolchains/gen//m68k-elf/lib/libmd.a(smp_null.o)
 .data          0x0000000000ff0004        0x0 /opt/toolchains/gen//m68k-elf/lib/libmd.a(bmp_a.o)
 .data          0x0000000000ff0004        0x0 /opt/toolchains/gen//m68k-elf/lib/libmd.a(tools_a.o)
 .data          0x0000000000ff0004        0x0 /opt/toolchains/gen//m68k-elf/lib/libmd.a(z80_drv1.o)
 .data          0x0000000000ff0004        0x0 /opt/toolchains/gen//m68k-elf/lib/libmd.a(z80_drv2.o)
 .data          0x0000000000ff0004        0x0 /opt/toolchains/gen//m68k-elf/lib/libmd.a(z80_drv3.o)
 .data          0x0000000000ff0004        0x0 /opt/toolchains/gen//m68k-elf/lib/libmd.a(z80_mvs.o)
 .data          0x0000000000ff0004        0x0 /opt/toolchains/gen//m68k-elf/lib/libmd.a(z80_xgm.o)
 .data          0x0000000000ff0004        0x0 /opt/toolchains/gen//m68k-elf/lib/libmd.a(z80_tfm.o)
 .data          0x0000000000ff0004        0x0 /opt/toolchains/gen//m68k-elf/lib/libmd.a(libres.o)
 .data          0x0000000000ff0004        0x0 /opt/toolchains/gen//m68k-elf/lib/libmd.a(tab_vol.o)
 .data          0x0000000000ff0004        0x0 /opt/toolchains/gen//m68k-elf/lib/libmd.a(maths.o)
 .data          0x0000000000ff0004        0x0 /opt/toolchains/gen//m68k-elf/lib/libmd.a(joy.o)
 .data          0x0000000000ff0004        0x0 /opt/toolchains/gen//m68k-elf/lib/libmd.a(types.o)
 .data          0x0000000000ff0004        0x0 /opt/toolchains/gen//m68k-elf/lib/gcc/m68k-elf/4.8.2/libgcc.a(_mulsi3.o)
 .data          0x0000000000ff0004        0x0 /opt/toolchains/gen//m68k-elf/lib/gcc/m68k-elf/4.8.2/libgcc.a(_udivsi3.o)
 .data          0x0000000000ff0004        0x0 /opt/toolchains/gen//m68k-elf/lib/gcc/m68k-elf/4.8.2/libgcc.a(_divsi3.o)
 .data          0x0000000000ff0004        0x0 /opt/toolchains/gen//m68k-elf/lib/gcc/m68k-elf/4.8.2/libgcc.a(_umodsi3.o)
 .data          0x0000000000ff0004        0x0 main.o
                0x0000000000ff0004                _edata = .
                0x0000000000000004                _sdata = SIZEOF (.data)

.bss            0x0000000000ff0004      0xa42 load address 0x00000000000152fc
                0x0000000000ff0004                _start = .
 *(.shbss)
 *(.bss .bss.*)
 .bss           0x0000000000ff0004        0x0 boot/sega.o
 .bss           0x0000000000ff0004       0x14 /opt/toolchains/gen//m68k-elf/lib/libmd.a(sys.o)
 .bss           0x0000000000ff0018       0x13 /opt/toolchains/gen//m68k-elf/lib/libmd.a(vdp.o)
 *fill*         0x0000000000ff002b        0x1 
 .bss           0x0000000000ff002c        0xc /opt/toolchains/gen//m68k-elf/lib/libmd.a(dma.o)
 .bss           0x0000000000ff0038        0x0 /opt/toolchains/gen//m68k-elf/lib/libmd.a(psg.o)
 .bss           0x0000000000ff0038       0x10 /opt/toolchains/gen//m68k-elf/lib/libmd.a(tools.o)
 .bss           0x0000000000ff0048        0x8 /opt/toolchains/gen//m68k-elf/lib/libmd.a(memory.o)
 .bss           0x0000000000ff0050       0x40 /opt/toolchains/gen//m68k-elf/lib/libmd.a(timer.o)
 .bss           0x0000000000ff0090        0x0 /opt/toolchains/gen//m68k-elf/lib/libmd.a(z80_ctrl.o)
 .bss           0x0000000000ff0090       0x8c /opt/toolchains/gen//m68k-elf/lib/libmd.a(sound.o)
 .bss           0x0000000000ff011c        0x0 /opt/toolchains/gen//m68k-elf/lib/libmd.a(ym2612.o)
 .bss           0x0000000000ff011c      0x386 /opt/toolchains/gen//m68k-elf/lib/libmd.a(vdp_pal.o)
 *fill*         0x0000000000ff04a2        0x2 
 .bss           0x0000000000ff04a4        0x0 /opt/toolchains/gen//m68k-elf/lib/libmd.a(z80_vgm.o)
 .bss           0x0000000000ff04a4        0x0 /opt/toolchains/gen//m68k-elf/lib/libmd.a(vdp_tile.o)
 .bss           0x0000000000ff04a4        0x0 /opt/toolchains/gen//m68k-elf/lib/libmd.a(vdp_spr.o)
 .bss           0x0000000000ff04a4        0x0 /opt/toolchains/gen//m68k-elf/lib/libmd.a(tab_cnv.o)
 .bss           0x0000000000ff04a4        0x0 /opt/toolchains/gen//m68k-elf/lib/libmd.a(string.o)
 .bss           0x0000000000ff04a4        0x0 /opt/toolchains/gen//m68k-elf/lib/libmd.a(vdp_dma.o)
 .bss           0x0000000000ff04a4       0x14 /opt/toolchains/gen//m68k-elf/lib/libmd.a(bmp.o)
 .bss           0x0000000000ff04b8        0x4 /opt/toolchains/gen//m68k-elf/lib/libmd.a(tile_cache.o)
 .bss           0x0000000000ff04bc        0x0 /opt/toolchains/gen//m68k-elf/lib/libmd.a(vdp_bg.o)
 .bss           0x0000000000ff04bc        0x0 /opt/toolchains/gen//m68k-elf/lib/libmd.a(memory_a.o)
 .bss           0x0000000000ff04bc        0x0 /opt/toolchains/gen//m68k-elf/lib/libmd.a(smp_null_pcm.o)
 .bss           0x0000000000ff04bc        0x0 /opt/toolchains/gen//m68k-elf/lib/libmd.a(vdp_tile_a.o)
 .bss           0x0000000000ff04bc        0x0 /opt/toolchains/gen//m68k-elf/lib/libmd.a(vdp_pal_a.o)
 .bss           0x0000000000ff04bc        0x0 /opt/toolchains/gen//m68k-elf/lib/libmd.a(sys_a.o)
 .bss           0x0000000000ff04bc        0x0 /opt/toolchains/gen//m68k-elf/lib/libmd.a(kdebug.o)
 .bss           0x0000000000ff04bc        0x0 /opt/toolchains/gen//m68k-elf/lib/libmd.a(smp_null.o)
 .bss           0x0000000000ff04bc        0x0 /opt/toolchains/gen//m68k-elf/lib/libmd.a(bmp_a.o)
 .bss           0x0000000000ff04bc        0x0 /opt/toolchains/gen//m68k-elf/lib/libmd.a(tools_a.o)
 .bss           0x0000000000ff04bc        0x0 /opt/toolchains/gen//m68k-elf/lib/libmd.a(z80_drv1.o)
 .bss           0x0000000000ff04bc        0x0 /opt/toolchains/gen//m68k-elf/lib/libmd.a(z80_drv2.o)
 .bss           0x0000000000ff04bc        0x0 /opt/toolchains/gen//m68k-elf/lib/libmd.a(z80_drv3.o)
 .bss           0x0000000000ff04bc        0x0 /opt/toolchains/gen//m68k-elf/lib/libmd.a(z80_mvs.o)
 .bss           0x0000000000ff04bc        0x0 /opt/toolchains/gen//m68k-elf/lib/libmd.a(z80_xgm.o)
 .bss           0x0000000000ff04bc        0x0 /opt/toolchains/gen//m68k-elf/lib/libmd.a(z80_tfm.o)
 .bss           0x0000000000ff04bc        0x0 /opt/toolchains/gen//m68k-elf/lib/libmd.a(libres.o)
 .bss           0x0000000000ff04bc        0x0 /opt/toolchains/gen//m68k-elf/lib/libmd.a(tab_vol.o)
 .bss           0x0000000000ff04bc        0x0 /opt/toolchains/gen//m68k-elf/lib/libmd.a(maths.o)
 .bss           0x0000000000ff04bc       0x46 /opt/toolchains/gen//m68k-elf/lib/libmd.a(joy.o)
 *fill*         0x0000000000ff0502        0x2 
 .bss           0x0000000000ff0504        0x0 /opt/toolchains/gen//m68k-elf/lib/libmd.a(types.o)
 .bss           0x0000000000ff0504        0x0 /opt/toolchains/gen//m68k-elf/lib/gcc/m68k-elf/4.8.2/libgcc.a(_mulsi3.o)
 .bss           0x0000000000ff0504        0x0 /opt/toolchains/gen//m68k-elf/lib/gcc/m68k-elf/4.8.2/libgcc.a(_udivsi3.o)
 .bss           0x0000000000ff0504        0x0 /opt/toolchains/gen//m68k-elf/lib/gcc/m68k-elf/4.8.2/libgcc.a(_divsi3.o)
 .bss           0x0000000000ff0504        0x0 /opt/toolchains/gen//m68k-elf/lib/gcc/m68k-elf/4.8.2/libgcc.a(_umodsi3.o)
 .bss           0x0000000000ff0504        0x0 main.o
 *(COMMON)
 COMMON         0x0000000000ff0504       0x94 /opt/toolchains/gen//m68k-elf/lib/libmd.a(sys.o)
                0x0000000000ff0504                illegalInstCB
                0x0000000000ff0508                errorExceptionCB
                0x0000000000ff050c                trapvInstCB
                0x0000000000ff0510                chkInstCB
                0x0000000000ff0514                registerState
                0x0000000000ff0554                srState
                0x0000000000ff0556                line1x1xCB
                0x0000000000ff055a                ext2State
                0x0000000000ff055c                traceCB
                0x0000000000ff0560                intTrace
                0x0000000000ff0562                zeroDivideCB
                0x0000000000ff0566                internalExtIntCB
                0x0000000000ff056a                internalVIntCB
                0x0000000000ff056e                intCB
                0x0000000000ff0572                addressErrorCB
                0x0000000000ff0576                VIntProcess
                0x0000000000ff057a                ExtIntProcess
                0x0000000000ff057e                HIntProcess
                0x0000000000ff0582                privilegeViolationCB
                0x0000000000ff0586                pcState
                0x0000000000ff058a                ext1State
                0x0000000000ff058c                busErrorCB
                0x0000000000ff0590                internalHIntCB
                0x0000000000ff0594                addrState
 COMMON         0x0000000000ff0598        0xe /opt/toolchains/gen//m68k-elf/lib/libmd.a(vdp.o)
                0x0000000000ff0598                slist_adr
                0x0000000000ff059a                hscrl_adr
                0x0000000000ff059c                screenHeight
                0x0000000000ff059e                screenWidth
                0x0000000000ff05a0                aplan_adr
                0x0000000000ff05a2                bplan_adr
                0x0000000000ff05a4                window_adr
 COMMON         0x0000000000ff05a6      0x200 /opt/toolchains/gen//m68k-elf/lib/libmd.a(dma.o)
                0x0000000000ff05a6                dmaQueues
 COMMON         0x0000000000ff07a6        0x4 /opt/toolchains/gen//m68k-elf/lib/libmd.a(timer.o)
                0x0000000000ff07a6                vtimer
 COMMON         0x0000000000ff07aa        0x4 /opt/toolchains/gen//m68k-elf/lib/libmd.a(z80_ctrl.o)
                0x0000000000ff07aa                driverFlags
                0x0000000000ff07ac                currentDriver
 COMMON         0x0000000000ff07ae      0x282 /opt/toolchains/gen//m68k-elf/lib/libmd.a(vdp_spr.o)
                0x0000000000ff07ae                spriteNum
                0x0000000000ff07b0                vdpSpriteCache
 COMMON         0x0000000000ff0a30        0x8 /opt/toolchains/gen//m68k-elf/lib/libmd.a(bmp.o)
                0x0000000000ff0a30                bmp_buffer_write
                0x0000000000ff0a34                bmp_buffer_read
 COMMON         0x0000000000ff0a38        0x4 /opt/toolchains/gen//m68k-elf/lib/libmd.a(tile_cache.o)
                0x0000000000ff0a38                uploads
 COMMON         0x0000000000ff0a3c        0x8 /opt/toolchains/gen//m68k-elf/lib/libmd.a(vdp_bg.o)
                0x0000000000ff0a3c                text_basetile
                0x0000000000ff0a3e                curTileInd
                0x0000000000ff0a40                text_plan
 COMMON         0x0000000000ff0a44        0x2 /opt/toolchains/gen//m68k-elf/lib/libmd.a(maths.o)
                0x0000000000ff0a44                randbase
                0x0000000000ff0a46                _bend = .

.stab
 *(.stab)

.stabstr
 *(.stabstr)

.eh_frame
 *(.eh_frame)
LOAD boot/sega.o
LOAD /opt/toolchains/gen//m68k-elf/lib/libmd.a
LOAD /opt/toolchains/gen//m68k-elf/lib/gcc/m68k-elf/4.8.2/libgcc.a
LOAD main.o
LOAD /opt/toolchains/gen//m68k-elf/lib/libmd.a
LOAD /opt/toolchains/gen//m68k-elf/m68k-elf/lib/libnosys.a
OUTPUT(out.elf elf32-m68k)

.comment        0x0000000000000000       0x11
 .comment       0x0000000000000000       0x11 /opt/toolchains/gen//m68k-elf/lib/libmd.a(sys.o)
                                         0x12 (size before relaxing)
 .comment       0x0000000000000000       0x12 /opt/toolchains/gen//m68k-elf/lib/libmd.a(vdp.o)
 .comment       0x0000000000000000       0x12 /opt/toolchains/gen//m68k-elf/lib/libmd.a(dma.o)
 .comment       0x0000000000000000       0x12 /opt/toolchains/gen//m68k-elf/lib/libmd.a(psg.o)
 .comment       0x0000000000000000       0x12 /opt/toolchains/gen//m68k-elf/lib/libmd.a(tools.o)
 .comment       0x0000000000000000       0x12 /opt/toolchains/gen//m68k-elf/lib/libmd.a(memory.o)
 .comment       0x0000000000000000       0x12 /opt/toolchains/gen//m68k-elf/lib/libmd.a(timer.o)
 .comment       0x0000000000000000       0x12 /opt/toolchains/gen//m68k-elf/lib/libmd.a(z80_ctrl.o)
 .comment       0x0000000000000000       0x12 /opt/toolchains/gen//m68k-elf/lib/libmd.a(sound.o)
 .comment       0x0000000000000000       0x12 /opt/toolchains/gen//m68k-elf/lib/libmd.a(ym2612.o)
 .comment       0x0000000000000000       0x12 /opt/toolchains/gen//m68k-elf/lib/libmd.a(vdp_pal.o)
 .comment       0x0000000000000000       0x12 /opt/toolchains/gen//m68k-elf/lib/libmd.a(z80_vgm.o)
 .comment       0x0000000000000000       0x12 /opt/toolchains/gen//m68k-elf/lib/libmd.a(vdp_tile.o)
 .comment       0x0000000000000000       0x12 /opt/toolchains/gen//m68k-elf/lib/libmd.a(vdp_spr.o)
 .comment       0x0000000000000000       0x12 /opt/toolchains/gen//m68k-elf/lib/libmd.a(tab_cnv.o)
 .comment       0x0000000000000000       0x12 /opt/toolchains/gen//m68k-elf/lib/libmd.a(string.o)
 .comment       0x0000000000000000       0x12 /opt/toolchains/gen//m68k-elf/lib/libmd.a(vdp_dma.o)
 .comment       0x0000000000000000       0x12 /opt/toolchains/gen//m68k-elf/lib/libmd.a(bmp.o)
 .comment       0x0000000000000000       0x12 /opt/toolchains/gen//m68k-elf/lib/libmd.a(tile_cache.o)
 .comment       0x0000000000000000       0x12 /opt/toolchains/gen//m68k-elf/lib/libmd.a(vdp_bg.o)
 .comment       0x0000000000000000       0x12 /opt/toolchains/gen//m68k-elf/lib/libmd.a(tab_vol.o)
 .comment       0x0000000000000000       0x12 /opt/toolchains/gen//m68k-elf/lib/libmd.a(maths.o)
 .comment       0x0000000000000000       0x12 /opt/toolchains/gen//m68k-elf/lib/libmd.a(joy.o)
 .comment       0x0000000000000000       0x12 /opt/toolchains/gen//m68k-elf/lib/libmd.a(types.o)
 .comment       0x0000000000000000       0x12 main.o

.debug_line     0x0000000000000000      0x1cd
 .debug_line    0x0000000000000000       0x6a /opt/toolchains/gen//m68k-elf/lib/gcc/m68k-elf/4.8.2/libgcc.a(_mulsi3.o)
 .debug_line    0x000000000000006a       0x83 /opt/toolchains/gen//m68k-elf/lib/gcc/m68k-elf/4.8.2/libgcc.a(_udivsi3.o)
 .debug_line    0x00000000000000ed       0x72 /opt/toolchains/gen//m68k-elf/lib/gcc/m68k-elf/4.8.2/libgcc.a(_divsi3.o)
 .debug_line    0x000000000000015f       0x6e /opt/toolchains/gen//m68k-elf/lib/gcc/m68k-elf/4.8.2/libgcc.a(_umodsi3.o)

.debug_info     0x0000000000000000      0x27c
 .debug_info    0x0000000000000000       0x9f /opt/toolchains/gen//m68k-elf/lib/gcc/m68k-elf/4.8.2/libgcc.a(_mulsi3.o)
 .debug_info    0x000000000000009f       0x9f /opt/toolchains/gen//m68k-elf/lib/gcc/m68k-elf/4.8.2/libgcc.a(_udivsi3.o)
 .debug_info    0x000000000000013e       0x9f /opt/toolchains/gen//m68k-elf/lib/gcc/m68k-elf/4.8.2/libgcc.a(_divsi3.o)
 .debug_info    0x00000000000001dd       0x9f /opt/toolchains/gen//m68k-elf/lib/gcc/m68k-elf/4.8.2/libgcc.a(_umodsi3.o)

.debug_abbrev   0x0000000000000000       0x50
 .debug_abbrev  0x0000000000000000       0x14 /opt/toolchains/gen//m68k-elf/lib/gcc/m68k-elf/4.8.2/libgcc.a(_mulsi3.o)
 .debug_abbrev  0x0000000000000014       0x14 /opt/toolchains/gen//m68k-elf/lib/gcc/m68k-elf/4.8.2/libgcc.a(_udivsi3.o)
 .debug_abbrev  0x0000000000000028       0x14 /opt/toolchains/gen//m68k-elf/lib/gcc/m68k-elf/4.8.2/libgcc.a(_divsi3.o)
 .debug_abbrev  0x000000000000003c       0x14 /opt/toolchains/gen//m68k-elf/lib/gcc/m68k-elf/4.8.2/libgcc.a(_umodsi3.o)

.debug_aranges  0x0000000000000000       0x80
 .debug_aranges
                0x0000000000000000       0x20 /opt/toolchains/gen//m68k-elf/lib/gcc/m68k-elf/4.8.2/libgcc.a(_mulsi3.o)
 .debug_aranges
                0x0000000000000020       0x20 /opt/toolchains/gen//m68k-elf/lib/gcc/m68k-elf/4.8.2/libgcc.a(_udivsi3.o)
 .debug_aranges
                0x0000000000000040       0x20 /opt/toolchains/gen//m68k-elf/lib/gcc/m68k-elf/4.8.2/libgcc.a(_divsi3.o)
 .debug_aranges
                0x0000000000000060       0x20 /opt/toolchains/gen//m68k-elf/lib/gcc/m68k-elf/4.8.2/libgcc.a(_umodsi3.o)
